../Core/Src/main.c:60:1:__io_putchar	16	static
../Core/Src/main.c:136:5:main	16	static
../Core/Src/main.c:255:6:SystemClock_Config	88	static
../Core/Src/main.c:297:13:MX_I2C1_Init	8	static
../Core/Src/main.c:331:13:MX_USART1_UART_Init	8	static
../Core/Src/main.c:364:13:MX_GPIO_Init	40	static
../Core/Src/main.c:402:6:StartDefaultTask	16	static
../Core/Src/main.c:420:6:StartTask02	24	static
../Core/Src/main.c:450:6:StartTask03	72	static
../Core/Src/main.c:491:6:StartTask04	16	static
../Core/Src/main.c:523:6:Error_Handler	4	static,ignoring_inline_asm
