../Core/Src/main.c:60:1:__io_putchar	16	static
../Core/Src/main.c:129:5:main	16	static
../Core/Src/main.c:315:6:SystemClock_Config	88	static
../Core/Src/main.c:357:13:MX_I2C1_Init	8	static
../Core/Src/main.c:391:13:MX_USART1_UART_Init	8	static
../Core/Src/main.c:424:13:MX_GPIO_Init	40	static
../Core/Src/main.c:462:6:StartDefaultTask	16	static
../Core/Src/main.c:480:6:StartTask02	16	static
../Core/Src/main.c:498:6:StartTask03	16	static
../Core/Src/main.c:516:6:StartTask04	16	static
../Core/Src/main.c:531:6:Error_Handler	4	static,ignoring_inline_asm
